// Jest Snapshot v1, https://goo.gl/fbAQLP

exports[`BillsplitBackendStack matches the snapshot 1`] = `
{
  "Outputs": {
    "RestApiEndpointCB345351": {
      "Value": {
        "Fn::Join": [
          "",
          [
            "https://",
            {
              "Ref": "RestApiDEC94962",
            },
            ".execute-api.",
            {
              "Ref": "AWS::Region",
            },
            ".",
            {
              "Ref": "AWS::URLSuffix",
            },
            "/",
            {
              "Ref": "RestApiDeploymentStageprod7243F481",
            },
            "/",
          ],
        ],
      },
    },
  },
  "Resources": {
    "LambdaLayerContactsDelete5BC5B0F9": {
      "DependsOn": [
        "LambdaLayerContactsDeleteServiceRoleDefaultPolicyCE59334E",
        "LambdaLayerContactsDeleteServiceRole4086645C",
      ],
      "Properties": {
        "Code": {
          "S3Bucket": {
            "Fn::Sub": "cdk-hnb659fds-assets-\${AWS::AccountId}-\${AWS::Region}",
          },
          "S3Key": "df8ec0167ac73aa0448681b10a4248299548ac35c8403693cacf9ed5858c858e.zip",
        },
        "Environment": {
          "Variables": {
            "NOTIFICATIONAPI_CLIENT_ID": "49foj0su1nftfvk9p0rvmh31s1",
            "NOTIFICATIONAPI_CLIENT_SECRET": "13mbvbqgkcmaot1j393cle3gmgjapsm36jelpj5poop4smcmjt05",
          },
        },
        "Handler": "dist/contactDeleteLambda.handler",
        "Role": {
          "Fn::GetAtt": [
            "LambdaLayerContactsDeleteServiceRole4086645C",
            "Arn",
          ],
        },
        "Runtime": "nodejs18.x",
      },
      "Type": "AWS::Lambda::Function",
    },
    "LambdaLayerContactsDeleteServiceRole4086645C": {
      "Properties": {
        "AssumeRolePolicyDocument": {
          "Statement": [
            {
              "Action": "sts:AssumeRole",
              "Effect": "Allow",
              "Principal": {
                "Service": "lambda.amazonaws.com",
              },
            },
          ],
          "Version": "2012-10-17",
        },
        "ManagedPolicyArns": [
          {
            "Fn::Join": [
              "",
              [
                "arn:",
                {
                  "Ref": "AWS::Partition",
                },
                ":iam::aws:policy/service-role/AWSLambdaBasicExecutionRole",
              ],
            ],
          },
        ],
      },
      "Type": "AWS::IAM::Role",
    },
    "LambdaLayerContactsDeleteServiceRoleDefaultPolicyCE59334E": {
      "Properties": {
        "PolicyDocument": {
          "Statement": [
            {
              "Action": [
                "dynamodb:BatchGetItem",
                "dynamodb:GetRecords",
                "dynamodb:GetShardIterator",
                "dynamodb:Query",
                "dynamodb:GetItem",
                "dynamodb:Scan",
                "dynamodb:ConditionCheckItem",
                "dynamodb:BatchWriteItem",
                "dynamodb:PutItem",
                "dynamodb:UpdateItem",
                "dynamodb:DeleteItem",
                "dynamodb:DescribeTable",
              ],
              "Effect": "Allow",
              "Resource": [
                {
                  "Fn::ImportValue": "MyTestStackDynamoLayer8D4277E0:ExportsOutputFnGetAttContactsTableD21ED2A6ArnB7D55D8F",
                },
                {
                  "Ref": "AWS::NoValue",
                },
              ],
            },
            {
              "Action": [
                "dynamodb:BatchGetItem",
                "dynamodb:GetRecords",
                "dynamodb:GetShardIterator",
                "dynamodb:Query",
                "dynamodb:GetItem",
                "dynamodb:Scan",
                "dynamodb:ConditionCheckItem",
                "dynamodb:BatchWriteItem",
                "dynamodb:PutItem",
                "dynamodb:UpdateItem",
                "dynamodb:DeleteItem",
                "dynamodb:DescribeTable",
              ],
              "Effect": "Allow",
              "Resource": [
                {
                  "Fn::ImportValue": "MyTestStackDynamoLayer8D4277E0:ExportsOutputFnGetAttContactsTableV28BF4D874Arn05426A2C",
                },
                {
                  "Fn::Join": [
                    "",
                    [
                      {
                        "Fn::ImportValue": "MyTestStackDynamoLayer8D4277E0:ExportsOutputFnGetAttContactsTableV28BF4D874Arn05426A2C",
                      },
                      "/index/*",
                    ],
                  ],
                },
              ],
            },
          ],
          "Version": "2012-10-17",
        },
        "PolicyName": "LambdaLayerContactsDeleteServiceRoleDefaultPolicyCE59334E",
        "Roles": [
          {
            "Ref": "LambdaLayerContactsDeleteServiceRole4086645C",
          },
        ],
      },
      "Type": "AWS::IAM::Policy",
    },
    "LambdaLayerContactsGetA3AB77F5": {
      "DependsOn": [
        "LambdaLayerContactsGetServiceRoleDefaultPolicy69D0EF38",
        "LambdaLayerContactsGetServiceRole7CD6CF4B",
      ],
      "Properties": {
        "Code": {
          "S3Bucket": {
            "Fn::Sub": "cdk-hnb659fds-assets-\${AWS::AccountId}-\${AWS::Region}",
          },
          "S3Key": "df8ec0167ac73aa0448681b10a4248299548ac35c8403693cacf9ed5858c858e.zip",
        },
        "Environment": {
          "Variables": {
            "NOTIFICATIONAPI_CLIENT_ID": "49foj0su1nftfvk9p0rvmh31s1",
            "NOTIFICATIONAPI_CLIENT_SECRET": "13mbvbqgkcmaot1j393cle3gmgjapsm36jelpj5poop4smcmjt05",
          },
        },
        "Handler": "dist/contactGetLambda.handler",
        "Role": {
          "Fn::GetAtt": [
            "LambdaLayerContactsGetServiceRole7CD6CF4B",
            "Arn",
          ],
        },
        "Runtime": "nodejs18.x",
      },
      "Type": "AWS::Lambda::Function",
    },
    "LambdaLayerContactsGetServiceRole7CD6CF4B": {
      "Properties": {
        "AssumeRolePolicyDocument": {
          "Statement": [
            {
              "Action": "sts:AssumeRole",
              "Effect": "Allow",
              "Principal": {
                "Service": "lambda.amazonaws.com",
              },
            },
          ],
          "Version": "2012-10-17",
        },
        "ManagedPolicyArns": [
          {
            "Fn::Join": [
              "",
              [
                "arn:",
                {
                  "Ref": "AWS::Partition",
                },
                ":iam::aws:policy/service-role/AWSLambdaBasicExecutionRole",
              ],
            ],
          },
        ],
      },
      "Type": "AWS::IAM::Role",
    },
    "LambdaLayerContactsGetServiceRoleDefaultPolicy69D0EF38": {
      "Properties": {
        "PolicyDocument": {
          "Statement": [
            {
              "Action": [
                "dynamodb:BatchGetItem",
                "dynamodb:GetRecords",
                "dynamodb:GetShardIterator",
                "dynamodb:Query",
                "dynamodb:GetItem",
                "dynamodb:Scan",
                "dynamodb:ConditionCheckItem",
                "dynamodb:BatchWriteItem",
                "dynamodb:PutItem",
                "dynamodb:UpdateItem",
                "dynamodb:DeleteItem",
                "dynamodb:DescribeTable",
              ],
              "Effect": "Allow",
              "Resource": [
                {
                  "Fn::ImportValue": "MyTestStackDynamoLayer8D4277E0:ExportsOutputFnGetAttContactsTableD21ED2A6ArnB7D55D8F",
                },
                {
                  "Ref": "AWS::NoValue",
                },
              ],
            },
            {
              "Action": [
                "dynamodb:BatchGetItem",
                "dynamodb:GetRecords",
                "dynamodb:GetShardIterator",
                "dynamodb:Query",
                "dynamodb:GetItem",
                "dynamodb:Scan",
                "dynamodb:ConditionCheckItem",
                "dynamodb:BatchWriteItem",
                "dynamodb:PutItem",
                "dynamodb:UpdateItem",
                "dynamodb:DeleteItem",
                "dynamodb:DescribeTable",
              ],
              "Effect": "Allow",
              "Resource": [
                {
                  "Fn::ImportValue": "MyTestStackDynamoLayer8D4277E0:ExportsOutputFnGetAttContactsTableV28BF4D874Arn05426A2C",
                },
                {
                  "Fn::Join": [
                    "",
                    [
                      {
                        "Fn::ImportValue": "MyTestStackDynamoLayer8D4277E0:ExportsOutputFnGetAttContactsTableV28BF4D874Arn05426A2C",
                      },
                      "/index/*",
                    ],
                  ],
                },
              ],
            },
          ],
          "Version": "2012-10-17",
        },
        "PolicyName": "LambdaLayerContactsGetServiceRoleDefaultPolicy69D0EF38",
        "Roles": [
          {
            "Ref": "LambdaLayerContactsGetServiceRole7CD6CF4B",
          },
        ],
      },
      "Type": "AWS::IAM::Policy",
    },
    "LambdaLayerContactsPost0ACEF9A0": {
      "DependsOn": [
        "LambdaLayerContactsPostServiceRoleDefaultPolicy9DDFACCC",
        "LambdaLayerContactsPostServiceRole164EC600",
      ],
      "Properties": {
        "Code": {
          "S3Bucket": {
            "Fn::Sub": "cdk-hnb659fds-assets-\${AWS::AccountId}-\${AWS::Region}",
          },
          "S3Key": "df8ec0167ac73aa0448681b10a4248299548ac35c8403693cacf9ed5858c858e.zip",
        },
        "Environment": {
          "Variables": {
            "NOTIFICATIONAPI_CLIENT_ID": "49foj0su1nftfvk9p0rvmh31s1",
            "NOTIFICATIONAPI_CLIENT_SECRET": "13mbvbqgkcmaot1j393cle3gmgjapsm36jelpj5poop4smcmjt05",
          },
        },
        "Handler": "dist/contactPostLambda.handler",
        "Role": {
          "Fn::GetAtt": [
            "LambdaLayerContactsPostServiceRole164EC600",
            "Arn",
          ],
        },
        "Runtime": "nodejs18.x",
      },
      "Type": "AWS::Lambda::Function",
    },
    "LambdaLayerContactsPostServiceRole164EC600": {
      "Properties": {
        "AssumeRolePolicyDocument": {
          "Statement": [
            {
              "Action": "sts:AssumeRole",
              "Effect": "Allow",
              "Principal": {
                "Service": "lambda.amazonaws.com",
              },
            },
          ],
          "Version": "2012-10-17",
        },
        "ManagedPolicyArns": [
          {
            "Fn::Join": [
              "",
              [
                "arn:",
                {
                  "Ref": "AWS::Partition",
                },
                ":iam::aws:policy/service-role/AWSLambdaBasicExecutionRole",
              ],
            ],
          },
        ],
      },
      "Type": "AWS::IAM::Role",
    },
    "LambdaLayerContactsPostServiceRoleDefaultPolicy9DDFACCC": {
      "Properties": {
        "PolicyDocument": {
          "Statement": [
            {
              "Action": [
                "dynamodb:BatchGetItem",
                "dynamodb:GetRecords",
                "dynamodb:GetShardIterator",
                "dynamodb:Query",
                "dynamodb:GetItem",
                "dynamodb:Scan",
                "dynamodb:ConditionCheckItem",
                "dynamodb:BatchWriteItem",
                "dynamodb:PutItem",
                "dynamodb:UpdateItem",
                "dynamodb:DeleteItem",
                "dynamodb:DescribeTable",
              ],
              "Effect": "Allow",
              "Resource": [
                {
                  "Fn::ImportValue": "MyTestStackDynamoLayer8D4277E0:ExportsOutputFnGetAttContactsTableD21ED2A6ArnB7D55D8F",
                },
                {
                  "Ref": "AWS::NoValue",
                },
              ],
            },
            {
              "Action": [
                "dynamodb:BatchGetItem",
                "dynamodb:GetRecords",
                "dynamodb:GetShardIterator",
                "dynamodb:Query",
                "dynamodb:GetItem",
                "dynamodb:Scan",
                "dynamodb:ConditionCheckItem",
                "dynamodb:BatchWriteItem",
                "dynamodb:PutItem",
                "dynamodb:UpdateItem",
                "dynamodb:DeleteItem",
                "dynamodb:DescribeTable",
              ],
              "Effect": "Allow",
              "Resource": [
                {
                  "Fn::ImportValue": "MyTestStackDynamoLayer8D4277E0:ExportsOutputFnGetAttContactsTableV28BF4D874Arn05426A2C",
                },
                {
                  "Fn::Join": [
                    "",
                    [
                      {
                        "Fn::ImportValue": "MyTestStackDynamoLayer8D4277E0:ExportsOutputFnGetAttContactsTableV28BF4D874Arn05426A2C",
                      },
                      "/index/*",
                    ],
                  ],
                },
              ],
            },
          ],
          "Version": "2012-10-17",
        },
        "PolicyName": "LambdaLayerContactsPostServiceRoleDefaultPolicy9DDFACCC",
        "Roles": [
          {
            "Ref": "LambdaLayerContactsPostServiceRole164EC600",
          },
        ],
      },
      "Type": "AWS::IAM::Policy",
    },
    "LambdaLayerContactsPut385E316C": {
      "DependsOn": [
        "LambdaLayerContactsPutServiceRoleDefaultPolicy7198E0C5",
        "LambdaLayerContactsPutServiceRole1A149F44",
      ],
      "Properties": {
        "Code": {
          "S3Bucket": {
            "Fn::Sub": "cdk-hnb659fds-assets-\${AWS::AccountId}-\${AWS::Region}",
          },
          "S3Key": "df8ec0167ac73aa0448681b10a4248299548ac35c8403693cacf9ed5858c858e.zip",
        },
        "Environment": {
          "Variables": {
            "NOTIFICATIONAPI_CLIENT_ID": "49foj0su1nftfvk9p0rvmh31s1",
            "NOTIFICATIONAPI_CLIENT_SECRET": "13mbvbqgkcmaot1j393cle3gmgjapsm36jelpj5poop4smcmjt05",
          },
        },
        "Handler": "dist/contactPutLambda.handler",
        "Role": {
          "Fn::GetAtt": [
            "LambdaLayerContactsPutServiceRole1A149F44",
            "Arn",
          ],
        },
        "Runtime": "nodejs18.x",
      },
      "Type": "AWS::Lambda::Function",
    },
    "LambdaLayerContactsPutServiceRole1A149F44": {
      "Properties": {
        "AssumeRolePolicyDocument": {
          "Statement": [
            {
              "Action": "sts:AssumeRole",
              "Effect": "Allow",
              "Principal": {
                "Service": "lambda.amazonaws.com",
              },
            },
          ],
          "Version": "2012-10-17",
        },
        "ManagedPolicyArns": [
          {
            "Fn::Join": [
              "",
              [
                "arn:",
                {
                  "Ref": "AWS::Partition",
                },
                ":iam::aws:policy/service-role/AWSLambdaBasicExecutionRole",
              ],
            ],
          },
        ],
      },
      "Type": "AWS::IAM::Role",
    },
    "LambdaLayerContactsPutServiceRoleDefaultPolicy7198E0C5": {
      "Properties": {
        "PolicyDocument": {
          "Statement": [
            {
              "Action": [
                "dynamodb:BatchGetItem",
                "dynamodb:GetRecords",
                "dynamodb:GetShardIterator",
                "dynamodb:Query",
                "dynamodb:GetItem",
                "dynamodb:Scan",
                "dynamodb:ConditionCheckItem",
                "dynamodb:BatchWriteItem",
                "dynamodb:PutItem",
                "dynamodb:UpdateItem",
                "dynamodb:DeleteItem",
                "dynamodb:DescribeTable",
              ],
              "Effect": "Allow",
              "Resource": [
                {
                  "Fn::ImportValue": "MyTestStackDynamoLayer8D4277E0:ExportsOutputFnGetAttContactsTableD21ED2A6ArnB7D55D8F",
                },
                {
                  "Ref": "AWS::NoValue",
                },
              ],
            },
            {
              "Action": [
                "dynamodb:BatchGetItem",
                "dynamodb:GetRecords",
                "dynamodb:GetShardIterator",
                "dynamodb:Query",
                "dynamodb:GetItem",
                "dynamodb:Scan",
                "dynamodb:ConditionCheckItem",
                "dynamodb:BatchWriteItem",
                "dynamodb:PutItem",
                "dynamodb:UpdateItem",
                "dynamodb:DeleteItem",
                "dynamodb:DescribeTable",
              ],
              "Effect": "Allow",
              "Resource": [
                {
                  "Fn::ImportValue": "MyTestStackDynamoLayer8D4277E0:ExportsOutputFnGetAttContactsTableV28BF4D874Arn05426A2C",
                },
                {
                  "Fn::Join": [
                    "",
                    [
                      {
                        "Fn::ImportValue": "MyTestStackDynamoLayer8D4277E0:ExportsOutputFnGetAttContactsTableV28BF4D874Arn05426A2C",
                      },
                      "/index/*",
                    ],
                  ],
                },
              ],
            },
          ],
          "Version": "2012-10-17",
        },
        "PolicyName": "LambdaLayerContactsPutServiceRoleDefaultPolicy7198E0C5",
        "Roles": [
          {
            "Ref": "LambdaLayerContactsPutServiceRole1A149F44",
          },
        ],
      },
      "Type": "AWS::IAM::Policy",
    },
    "LambdaLayerTransactionsGetCABEE9D6": {
      "DependsOn": [
        "LambdaLayerTransactionsGetServiceRoleDefaultPolicy1376975F",
        "LambdaLayerTransactionsGetServiceRole020925F7",
      ],
      "Properties": {
        "Code": {
          "S3Bucket": {
            "Fn::Sub": "cdk-hnb659fds-assets-\${AWS::AccountId}-\${AWS::Region}",
          },
          "S3Key": "df8ec0167ac73aa0448681b10a4248299548ac35c8403693cacf9ed5858c858e.zip",
        },
        "Handler": "dist/transactionGetLambda.handler",
        "Role": {
          "Fn::GetAtt": [
            "LambdaLayerTransactionsGetServiceRole020925F7",
            "Arn",
          ],
        },
        "Runtime": "nodejs18.x",
      },
      "Type": "AWS::Lambda::Function",
    },
    "LambdaLayerTransactionsGetServiceRole020925F7": {
      "Properties": {
        "AssumeRolePolicyDocument": {
          "Statement": [
            {
              "Action": "sts:AssumeRole",
              "Effect": "Allow",
              "Principal": {
                "Service": "lambda.amazonaws.com",
              },
            },
          ],
          "Version": "2012-10-17",
        },
        "ManagedPolicyArns": [
          {
            "Fn::Join": [
              "",
              [
                "arn:",
                {
                  "Ref": "AWS::Partition",
                },
                ":iam::aws:policy/service-role/AWSLambdaBasicExecutionRole",
              ],
            ],
          },
        ],
      },
      "Type": "AWS::IAM::Role",
    },
    "LambdaLayerTransactionsGetServiceRoleDefaultPolicy1376975F": {
      "Properties": {
        "PolicyDocument": {
          "Statement": [
            {
              "Action": [
                "dynamodb:BatchGetItem",
                "dynamodb:GetRecords",
                "dynamodb:GetShardIterator",
                "dynamodb:Query",
                "dynamodb:GetItem",
                "dynamodb:Scan",
                "dynamodb:ConditionCheckItem",
                "dynamodb:BatchWriteItem",
                "dynamodb:PutItem",
                "dynamodb:UpdateItem",
                "dynamodb:DeleteItem",
                "dynamodb:DescribeTable",
              ],
              "Effect": "Allow",
              "Resource": [
                {
                  "Fn::ImportValue": "MyTestStackDynamoLayer8D4277E0:ExportsOutputFnGetAttTransactionsTable0A011FCBArn2E97373B",
                },
                {
                  "Fn::Join": [
                    "",
                    [
                      {
                        "Fn::ImportValue": "MyTestStackDynamoLayer8D4277E0:ExportsOutputFnGetAttTransactionsTable0A011FCBArn2E97373B",
                      },
                      "/index/*",
                    ],
                  ],
                },
              ],
            },
            {
              "Action": [
                "dynamodb:BatchGetItem",
                "dynamodb:GetRecords",
                "dynamodb:GetShardIterator",
                "dynamodb:Query",
                "dynamodb:GetItem",
                "dynamodb:Scan",
                "dynamodb:ConditionCheckItem",
                "dynamodb:BatchWriteItem",
                "dynamodb:PutItem",
                "dynamodb:UpdateItem",
                "dynamodb:DeleteItem",
                "dynamodb:DescribeTable",
              ],
              "Effect": "Allow",
              "Resource": [
                {
                  "Fn::ImportValue": "MyTestStackDynamoLayer8D4277E0:ExportsOutputFnGetAttContactsTableV28BF4D874Arn05426A2C",
                },
                {
                  "Fn::Join": [
                    "",
                    [
                      {
                        "Fn::ImportValue": "MyTestStackDynamoLayer8D4277E0:ExportsOutputFnGetAttContactsTableV28BF4D874Arn05426A2C",
                      },
                      "/index/*",
                    ],
                  ],
                },
              ],
            },
          ],
          "Version": "2012-10-17",
        },
        "PolicyName": "LambdaLayerTransactionsGetServiceRoleDefaultPolicy1376975F",
        "Roles": [
          {
            "Ref": "LambdaLayerTransactionsGetServiceRole020925F7",
          },
        ],
      },
      "Type": "AWS::IAM::Policy",
    },
    "LambdaLayerTransactionsPostB98CC2B5": {
      "DependsOn": [
        "LambdaLayerTransactionsPostServiceRoleDefaultPolicyD04E0836",
        "LambdaLayerTransactionsPostServiceRole55CAEBEF",
      ],
      "Properties": {
        "Code": {
          "S3Bucket": {
            "Fn::Sub": "cdk-hnb659fds-assets-\${AWS::AccountId}-\${AWS::Region}",
          },
          "S3Key": "df8ec0167ac73aa0448681b10a4248299548ac35c8403693cacf9ed5858c858e.zip",
        },
        "Environment": {
          "Variables": {
            "NOTIFICATIONAPI_CLIENT_ID": "49foj0su1nftfvk9p0rvmh31s1",
            "NOTIFICATIONAPI_CLIENT_SECRET": "13mbvbqgkcmaot1j393cle3gmgjapsm36jelpj5poop4smcmjt05",
          },
        },
        "Handler": "dist/transactionPostLambda.handler",
        "Role": {
          "Fn::GetAtt": [
            "LambdaLayerTransactionsPostServiceRole55CAEBEF",
            "Arn",
          ],
        },
        "Runtime": "nodejs18.x",
      },
      "Type": "AWS::Lambda::Function",
    },
    "LambdaLayerTransactionsPostServiceRole55CAEBEF": {
      "Properties": {
        "AssumeRolePolicyDocument": {
          "Statement": [
            {
              "Action": "sts:AssumeRole",
              "Effect": "Allow",
              "Principal": {
                "Service": "lambda.amazonaws.com",
              },
            },
          ],
          "Version": "2012-10-17",
        },
        "ManagedPolicyArns": [
          {
            "Fn::Join": [
              "",
              [
                "arn:",
                {
                  "Ref": "AWS::Partition",
                },
                ":iam::aws:policy/service-role/AWSLambdaBasicExecutionRole",
              ],
            ],
          },
        ],
      },
      "Type": "AWS::IAM::Role",
    },
    "LambdaLayerTransactionsPostServiceRoleDefaultPolicyD04E0836": {
      "Properties": {
        "PolicyDocument": {
          "Statement": [
            {
              "Action": [
                "dynamodb:BatchGetItem",
                "dynamodb:GetRecords",
                "dynamodb:GetShardIterator",
                "dynamodb:Query",
                "dynamodb:GetItem",
                "dynamodb:Scan",
                "dynamodb:ConditionCheckItem",
                "dynamodb:BatchWriteItem",
                "dynamodb:PutItem",
                "dynamodb:UpdateItem",
                "dynamodb:DeleteItem",
                "dynamodb:DescribeTable",
              ],
              "Effect": "Allow",
              "Resource": [
                {
                  "Fn::ImportValue": "MyTestStackDynamoLayer8D4277E0:ExportsOutputFnGetAttContactsTableD21ED2A6ArnB7D55D8F",
                },
                {
                  "Ref": "AWS::NoValue",
                },
              ],
            },
            {
              "Action": [
                "dynamodb:BatchGetItem",
                "dynamodb:GetRecords",
                "dynamodb:GetShardIterator",
                "dynamodb:Query",
                "dynamodb:GetItem",
                "dynamodb:Scan",
                "dynamodb:ConditionCheckItem",
                "dynamodb:BatchWriteItem",
                "dynamodb:PutItem",
                "dynamodb:UpdateItem",
                "dynamodb:DeleteItem",
                "dynamodb:DescribeTable",
              ],
              "Effect": "Allow",
              "Resource": [
                {
                  "Fn::ImportValue": "MyTestStackDynamoLayer8D4277E0:ExportsOutputFnGetAttTransactionsTable0A011FCBArn2E97373B",
                },
                {
                  "Fn::Join": [
                    "",
                    [
                      {
                        "Fn::ImportValue": "MyTestStackDynamoLayer8D4277E0:ExportsOutputFnGetAttTransactionsTable0A011FCBArn2E97373B",
                      },
                      "/index/*",
                    ],
                  ],
                },
              ],
            },
            {
              "Action": [
                "dynamodb:BatchGetItem",
                "dynamodb:GetRecords",
                "dynamodb:GetShardIterator",
                "dynamodb:Query",
                "dynamodb:GetItem",
                "dynamodb:Scan",
                "dynamodb:ConditionCheckItem",
                "dynamodb:BatchWriteItem",
                "dynamodb:PutItem",
                "dynamodb:UpdateItem",
                "dynamodb:DeleteItem",
                "dynamodb:DescribeTable",
              ],
              "Effect": "Allow",
              "Resource": [
                {
                  "Fn::ImportValue": "MyTestStackDynamoLayer8D4277E0:ExportsOutputFnGetAttContactsTableV28BF4D874Arn05426A2C",
                },
                {
                  "Fn::Join": [
                    "",
                    [
                      {
                        "Fn::ImportValue": "MyTestStackDynamoLayer8D4277E0:ExportsOutputFnGetAttContactsTableV28BF4D874Arn05426A2C",
                      },
                      "/index/*",
                    ],
                  ],
                },
              ],
            },
          ],
          "Version": "2012-10-17",
        },
        "PolicyName": "LambdaLayerTransactionsPostServiceRoleDefaultPolicyD04E0836",
        "Roles": [
          {
            "Ref": "LambdaLayerTransactionsPostServiceRole55CAEBEF",
          },
        ],
      },
      "Type": "AWS::IAM::Policy",
    },
    "RestApiAccountD18FD283": {
      "DeletionPolicy": "Retain",
      "DependsOn": [
        "RestApiDEC94962",
      ],
      "Properties": {
        "CloudWatchRoleArn": {
          "Fn::GetAtt": [
            "RestApiCloudWatchRoleBABB5857",
            "Arn",
          ],
        },
      },
      "Type": "AWS::ApiGateway::Account",
      "UpdateReplacePolicy": "Retain",
    },
    "RestApiCloudWatchRoleBABB5857": {
      "DeletionPolicy": "Retain",
      "Properties": {
        "AssumeRolePolicyDocument": {
          "Statement": [
            {
              "Action": "sts:AssumeRole",
              "Effect": "Allow",
              "Principal": {
                "Service": "apigateway.amazonaws.com",
              },
            },
          ],
          "Version": "2012-10-17",
        },
        "ManagedPolicyArns": [
          {
            "Fn::Join": [
              "",
              [
                "arn:",
                {
                  "Ref": "AWS::Partition",
                },
                ":iam::aws:policy/service-role/AmazonAPIGatewayPushToCloudWatchLogs",
              ],
            ],
          },
        ],
      },
      "Type": "AWS::IAM::Role",
      "UpdateReplacePolicy": "Retain",
    },
    "RestApiDEC94962": {
      "Properties": {
        "Name": "RestApi",
      },
      "Type": "AWS::ApiGateway::RestApi",
    },
    "RestApiDeployment4138394Dbf306aafcdf136db6705ecde3e3c8727": {
      "DependsOn": [
        "RestApicontactsContactIdUserEmailDELETE696589BF",
        "RestApicontactsContactIdUserEmailOPTIONS49AE801F",
        "RestApicontactsContactIdUserEmail01B92C95",
        "RestApicontactsContactIdDELETED438CB9B",
        "RestApicontactsContactIdGETF0754D0E",
        "RestApicontactsContactIdOPTIONSCD2C6738",
        "RestApicontactsContactIdPOST7A9977A2",
        "RestApicontactsContactIdPUT179A1FC0",
        "RestApicontactsContactId86F7DFC8",
        "RestApicontactsGETF5771E3F",
        "RestApicontactsOPTIONS1DA49159",
        "RestApicontactsPOST73210C1D",
        "RestApicontactsPUT0E3D2818",
        "RestApicontacts0D72EF00",
        "RestApiOPTIONS42764CEE",
        "RestApitransactiontransactionIdGET95FF3C90",
        "RestApitransactiontransactionIdOPTIONSC2822C5A",
        "RestApitransactiontransactionIdPOST53E3A319",
        "RestApitransactiontransactionIdB4AF6ECE",
        "RestApitransactionGET22F570FD",
        "RestApitransactionOPTIONSADC0F88F",
        "RestApitransactionPOSTBE859206",
        "RestApitransaction6B79514C",
      ],
      "Properties": {
        "Description": "Automatically created by the RestApi construct",
        "RestApiId": {
          "Ref": "RestApiDEC94962",
        },
      },
      "Type": "AWS::ApiGateway::Deployment",
    },
    "RestApiDeploymentStageprod7243F481": {
      "DependsOn": [
        "RestApiAccountD18FD283",
      ],
      "Properties": {
        "DeploymentId": {
          "Ref": "RestApiDeployment4138394Dbf306aafcdf136db6705ecde3e3c8727",
        },
        "RestApiId": {
          "Ref": "RestApiDEC94962",
        },
        "StageName": "prod",
      },
      "Type": "AWS::ApiGateway::Stage",
    },
    "RestApiOPTIONS42764CEE": {
      "Properties": {
        "ApiKeyRequired": false,
        "AuthorizationType": "NONE",
        "HttpMethod": "OPTIONS",
        "Integration": {
          "IntegrationResponses": [
            {
              "ResponseParameters": {
                "method.response.header.Access-Control-Allow-Headers": "'Content-Type,X-Amz-Date,Authorization,X-Api-Key,X-Amz-Security-Token,X-Amz-User-Agent'",
                "method.response.header.Access-Control-Allow-Methods": "'GET,POST,PUT,DELETE,OPTIONS'",
                "method.response.header.Access-Control-Allow-Origin": "'*'",
              },
              "StatusCode": "204",
            },
          ],
          "RequestTemplates": {
            "application/json": "{ statusCode: 200 }",
          },
          "Type": "MOCK",
        },
        "MethodResponses": [
          {
            "ResponseParameters": {
              "method.response.header.Access-Control-Allow-Headers": true,
              "method.response.header.Access-Control-Allow-Methods": true,
              "method.response.header.Access-Control-Allow-Origin": true,
            },
            "StatusCode": "204",
          },
        ],
        "ResourceId": {
          "Fn::GetAtt": [
            "RestApiDEC94962",
            "RootResourceId",
          ],
        },
        "RestApiId": {
          "Ref": "RestApiDEC94962",
        },
      },
      "Type": "AWS::ApiGateway::Method",
    },
    "RestApicontacts0D72EF00": {
      "Properties": {
        "ParentId": {
          "Fn::GetAtt": [
            "RestApiDEC94962",
            "RootResourceId",
          ],
        },
        "PathPart": "contacts",
        "RestApiId": {
          "Ref": "RestApiDEC94962",
        },
      },
      "Type": "AWS::ApiGateway::Resource",
    },
    "RestApicontactsContactId86F7DFC8": {
      "Properties": {
        "ParentId": {
          "Ref": "RestApicontacts0D72EF00",
        },
        "PathPart": "{ContactId}",
        "RestApiId": {
          "Ref": "RestApiDEC94962",
        },
      },
      "Type": "AWS::ApiGateway::Resource",
    },
    "RestApicontactsContactIdDELETEApiPermissionMyTestStackRestApiFFB59496DELETEcontactsContactId0C5AC96B": {
      "Properties": {
        "Action": "lambda:InvokeFunction",
        "FunctionName": {
          "Fn::GetAtt": [
            "LambdaLayerContactsDelete5BC5B0F9",
            "Arn",
          ],
        },
        "Principal": "apigateway.amazonaws.com",
        "SourceArn": {
          "Fn::Join": [
            "",
            [
              "arn:",
              {
                "Ref": "AWS::Partition",
              },
              ":execute-api:",
              {
                "Ref": "AWS::Region",
              },
              ":",
              {
                "Ref": "AWS::AccountId",
              },
              ":",
              {
                "Ref": "RestApiDEC94962",
              },
              "/",
              {
                "Ref": "RestApiDeploymentStageprod7243F481",
              },
              "/DELETE/contacts/*",
            ],
          ],
        },
      },
      "Type": "AWS::Lambda::Permission",
    },
    "RestApicontactsContactIdDELETEApiPermissionTestMyTestStackRestApiFFB59496DELETEcontactsContactIdE9BCDF4C": {
      "Properties": {
        "Action": "lambda:InvokeFunction",
        "FunctionName": {
          "Fn::GetAtt": [
            "LambdaLayerContactsDelete5BC5B0F9",
            "Arn",
          ],
        },
        "Principal": "apigateway.amazonaws.com",
        "SourceArn": {
          "Fn::Join": [
            "",
            [
              "arn:",
              {
                "Ref": "AWS::Partition",
              },
              ":execute-api:",
              {
                "Ref": "AWS::Region",
              },
              ":",
              {
                "Ref": "AWS::AccountId",
              },
              ":",
              {
                "Ref": "RestApiDEC94962",
              },
              "/test-invoke-stage/DELETE/contacts/*",
            ],
          ],
        },
      },
      "Type": "AWS::Lambda::Permission",
    },
    "RestApicontactsContactIdDELETED438CB9B": {
      "Properties": {
        "AuthorizationType": "NONE",
        "HttpMethod": "DELETE",
        "Integration": {
          "IntegrationHttpMethod": "POST",
          "Type": "AWS_PROXY",
          "Uri": {
            "Fn::Join": [
              "",
              [
                "arn:",
                {
                  "Ref": "AWS::Partition",
                },
                ":apigateway:",
                {
                  "Ref": "AWS::Region",
                },
                ":lambda:path/2015-03-31/functions/",
                {
                  "Fn::GetAtt": [
                    "LambdaLayerContactsDelete5BC5B0F9",
                    "Arn",
                  ],
                },
                "/invocations",
              ],
            ],
          },
        },
        "ResourceId": {
          "Ref": "RestApicontactsContactId86F7DFC8",
        },
        "RestApiId": {
          "Ref": "RestApiDEC94962",
        },
      },
      "Type": "AWS::ApiGateway::Method",
    },
    "RestApicontactsContactIdGETApiPermissionMyTestStackRestApiFFB59496GETcontactsContactIdD7C88BF8": {
      "Properties": {
        "Action": "lambda:InvokeFunction",
        "FunctionName": {
          "Fn::GetAtt": [
            "LambdaLayerContactsGetA3AB77F5",
            "Arn",
          ],
        },
        "Principal": "apigateway.amazonaws.com",
        "SourceArn": {
          "Fn::Join": [
            "",
            [
              "arn:",
              {
                "Ref": "AWS::Partition",
              },
              ":execute-api:",
              {
                "Ref": "AWS::Region",
              },
              ":",
              {
                "Ref": "AWS::AccountId",
              },
              ":",
              {
                "Ref": "RestApiDEC94962",
              },
              "/",
              {
                "Ref": "RestApiDeploymentStageprod7243F481",
              },
              "/GET/contacts/*",
            ],
          ],
        },
      },
      "Type": "AWS::Lambda::Permission",
    },
    "RestApicontactsContactIdGETApiPermissionTestMyTestStackRestApiFFB59496GETcontactsContactId613BD53E": {
      "Properties": {
        "Action": "lambda:InvokeFunction",
        "FunctionName": {
          "Fn::GetAtt": [
            "LambdaLayerContactsGetA3AB77F5",
            "Arn",
          ],
        },
        "Principal": "apigateway.amazonaws.com",
        "SourceArn": {
          "Fn::Join": [
            "",
            [
              "arn:",
              {
                "Ref": "AWS::Partition",
              },
              ":execute-api:",
              {
                "Ref": "AWS::Region",
              },
              ":",
              {
                "Ref": "AWS::AccountId",
              },
              ":",
              {
                "Ref": "RestApiDEC94962",
              },
              "/test-invoke-stage/GET/contacts/*",
            ],
          ],
        },
      },
      "Type": "AWS::Lambda::Permission",
    },
    "RestApicontactsContactIdGETF0754D0E": {
      "Properties": {
        "AuthorizationType": "NONE",
        "HttpMethod": "GET",
        "Integration": {
          "IntegrationHttpMethod": "POST",
          "Type": "AWS_PROXY",
          "Uri": {
            "Fn::Join": [
              "",
              [
                "arn:",
                {
                  "Ref": "AWS::Partition",
                },
                ":apigateway:",
                {
                  "Ref": "AWS::Region",
                },
                ":lambda:path/2015-03-31/functions/",
                {
                  "Fn::GetAtt": [
                    "LambdaLayerContactsGetA3AB77F5",
                    "Arn",
                  ],
                },
                "/invocations",
              ],
            ],
          },
        },
        "ResourceId": {
          "Ref": "RestApicontactsContactId86F7DFC8",
        },
        "RestApiId": {
          "Ref": "RestApiDEC94962",
        },
      },
      "Type": "AWS::ApiGateway::Method",
    },
    "RestApicontactsContactIdOPTIONSCD2C6738": {
      "Properties": {
        "ApiKeyRequired": false,
        "AuthorizationType": "NONE",
        "HttpMethod": "OPTIONS",
        "Integration": {
          "IntegrationResponses": [
            {
              "ResponseParameters": {
                "method.response.header.Access-Control-Allow-Headers": "'Content-Type,X-Amz-Date,Authorization,X-Api-Key,X-Amz-Security-Token,X-Amz-User-Agent'",
                "method.response.header.Access-Control-Allow-Methods": "'GET,POST,PUT,DELETE,OPTIONS'",
                "method.response.header.Access-Control-Allow-Origin": "'*'",
              },
              "StatusCode": "204",
            },
          ],
          "RequestTemplates": {
            "application/json": "{ statusCode: 200 }",
          },
          "Type": "MOCK",
        },
        "MethodResponses": [
          {
            "ResponseParameters": {
              "method.response.header.Access-Control-Allow-Headers": true,
              "method.response.header.Access-Control-Allow-Methods": true,
              "method.response.header.Access-Control-Allow-Origin": true,
            },
            "StatusCode": "204",
          },
        ],
        "ResourceId": {
          "Ref": "RestApicontactsContactId86F7DFC8",
        },
        "RestApiId": {
          "Ref": "RestApiDEC94962",
        },
      },
      "Type": "AWS::ApiGateway::Method",
    },
    "RestApicontactsContactIdPOST7A9977A2": {
      "Properties": {
        "AuthorizationType": "NONE",
        "HttpMethod": "POST",
        "Integration": {
          "IntegrationHttpMethod": "POST",
          "Type": "AWS_PROXY",
          "Uri": {
            "Fn::Join": [
              "",
              [
                "arn:",
                {
                  "Ref": "AWS::Partition",
                },
                ":apigateway:",
                {
                  "Ref": "AWS::Region",
                },
                ":lambda:path/2015-03-31/functions/",
                {
                  "Fn::GetAtt": [
                    "LambdaLayerContactsPost0ACEF9A0",
                    "Arn",
                  ],
                },
                "/invocations",
              ],
            ],
          },
        },
        "ResourceId": {
          "Ref": "RestApicontactsContactId86F7DFC8",
        },
        "RestApiId": {
          "Ref": "RestApiDEC94962",
        },
      },
      "Type": "AWS::ApiGateway::Method",
    },
    "RestApicontactsContactIdPOSTApiPermissionMyTestStackRestApiFFB59496POSTcontactsContactId06577FA7": {
      "Properties": {
        "Action": "lambda:InvokeFunction",
        "FunctionName": {
          "Fn::GetAtt": [
            "LambdaLayerContactsPost0ACEF9A0",
            "Arn",
          ],
        },
        "Principal": "apigateway.amazonaws.com",
        "SourceArn": {
          "Fn::Join": [
            "",
            [
              "arn:",
              {
                "Ref": "AWS::Partition",
              },
              ":execute-api:",
              {
                "Ref": "AWS::Region",
              },
              ":",
              {
                "Ref": "AWS::AccountId",
              },
              ":",
              {
                "Ref": "RestApiDEC94962",
              },
              "/",
              {
                "Ref": "RestApiDeploymentStageprod7243F481",
              },
              "/POST/contacts/*",
            ],
          ],
        },
      },
      "Type": "AWS::Lambda::Permission",
    },
    "RestApicontactsContactIdPOSTApiPermissionTestMyTestStackRestApiFFB59496POSTcontactsContactId74867A67": {
      "Properties": {
        "Action": "lambda:InvokeFunction",
        "FunctionName": {
          "Fn::GetAtt": [
            "LambdaLayerContactsPost0ACEF9A0",
            "Arn",
          ],
        },
        "Principal": "apigateway.amazonaws.com",
        "SourceArn": {
          "Fn::Join": [
            "",
            [
              "arn:",
              {
                "Ref": "AWS::Partition",
              },
              ":execute-api:",
              {
                "Ref": "AWS::Region",
              },
              ":",
              {
                "Ref": "AWS::AccountId",
              },
              ":",
              {
                "Ref": "RestApiDEC94962",
              },
              "/test-invoke-stage/POST/contacts/*",
            ],
          ],
        },
      },
      "Type": "AWS::Lambda::Permission",
    },
    "RestApicontactsContactIdPUT179A1FC0": {
      "Properties": {
        "AuthorizationType": "NONE",
        "HttpMethod": "PUT",
        "Integration": {
          "IntegrationHttpMethod": "POST",
          "Type": "AWS_PROXY",
          "Uri": {
            "Fn::Join": [
              "",
              [
                "arn:",
                {
                  "Ref": "AWS::Partition",
                },
                ":apigateway:",
                {
                  "Ref": "AWS::Region",
                },
                ":lambda:path/2015-03-31/functions/",
                {
                  "Fn::GetAtt": [
                    "LambdaLayerContactsPut385E316C",
                    "Arn",
                  ],
                },
                "/invocations",
              ],
            ],
          },
        },
        "ResourceId": {
          "Ref": "RestApicontactsContactId86F7DFC8",
        },
        "RestApiId": {
          "Ref": "RestApiDEC94962",
        },
      },
      "Type": "AWS::ApiGateway::Method",
    },
    "RestApicontactsContactIdPUTApiPermissionMyTestStackRestApiFFB59496PUTcontactsContactIdFF83C3C1": {
      "Properties": {
        "Action": "lambda:InvokeFunction",
        "FunctionName": {
          "Fn::GetAtt": [
            "LambdaLayerContactsPut385E316C",
            "Arn",
          ],
        },
        "Principal": "apigateway.amazonaws.com",
        "SourceArn": {
          "Fn::Join": [
            "",
            [
              "arn:",
              {
                "Ref": "AWS::Partition",
              },
              ":execute-api:",
              {
                "Ref": "AWS::Region",
              },
              ":",
              {
                "Ref": "AWS::AccountId",
              },
              ":",
              {
                "Ref": "RestApiDEC94962",
              },
              "/",
              {
                "Ref": "RestApiDeploymentStageprod7243F481",
              },
              "/PUT/contacts/*",
            ],
          ],
        },
      },
      "Type": "AWS::Lambda::Permission",
    },
    "RestApicontactsContactIdPUTApiPermissionTestMyTestStackRestApiFFB59496PUTcontactsContactId39CFF0CB": {
      "Properties": {
        "Action": "lambda:InvokeFunction",
        "FunctionName": {
          "Fn::GetAtt": [
            "LambdaLayerContactsPut385E316C",
            "Arn",
          ],
        },
        "Principal": "apigateway.amazonaws.com",
        "SourceArn": {
          "Fn::Join": [
            "",
            [
              "arn:",
              {
                "Ref": "AWS::Partition",
              },
              ":execute-api:",
              {
                "Ref": "AWS::Region",
              },
              ":",
              {
                "Ref": "AWS::AccountId",
              },
              ":",
              {
                "Ref": "RestApiDEC94962",
              },
              "/test-invoke-stage/PUT/contacts/*",
            ],
          ],
        },
      },
      "Type": "AWS::Lambda::Permission",
    },
    "RestApicontactsContactIdUserEmail01B92C95": {
      "Properties": {
        "ParentId": {
          "Ref": "RestApicontactsContactId86F7DFC8",
        },
        "PathPart": "{UserEmail}",
        "RestApiId": {
          "Ref": "RestApiDEC94962",
        },
      },
      "Type": "AWS::ApiGateway::Resource",
    },
    "RestApicontactsContactIdUserEmailDELETE696589BF": {
      "Properties": {
        "AuthorizationType": "NONE",
        "HttpMethod": "DELETE",
        "Integration": {
          "IntegrationHttpMethod": "POST",
          "Type": "AWS_PROXY",
          "Uri": {
            "Fn::Join": [
              "",
              [
                "arn:",
                {
                  "Ref": "AWS::Partition",
                },
                ":apigateway:",
                {
                  "Ref": "AWS::Region",
                },
                ":lambda:path/2015-03-31/functions/",
                {
                  "Fn::GetAtt": [
                    "LambdaLayerContactsDelete5BC5B0F9",
                    "Arn",
                  ],
                },
                "/invocations",
              ],
            ],
          },
        },
        "ResourceId": {
          "Ref": "RestApicontactsContactIdUserEmail01B92C95",
        },
        "RestApiId": {
          "Ref": "RestApiDEC94962",
        },
      },
      "Type": "AWS::ApiGateway::Method",
    },
    "RestApicontactsContactIdUserEmailDELETEApiPermissionMyTestStackRestApiFFB59496DELETEcontactsContactIdUserEmail4347DAB5": {
      "Properties": {
        "Action": "lambda:InvokeFunction",
        "FunctionName": {
          "Fn::GetAtt": [
            "LambdaLayerContactsDelete5BC5B0F9",
            "Arn",
          ],
        },
        "Principal": "apigateway.amazonaws.com",
        "SourceArn": {
          "Fn::Join": [
            "",
            [
              "arn:",
              {
                "Ref": "AWS::Partition",
              },
              ":execute-api:",
              {
                "Ref": "AWS::Region",
              },
              ":",
              {
                "Ref": "AWS::AccountId",
              },
              ":",
              {
                "Ref": "RestApiDEC94962",
              },
              "/",
              {
                "Ref": "RestApiDeploymentStageprod7243F481",
              },
              "/DELETE/contacts/*/*",
            ],
          ],
        },
      },
      "Type": "AWS::Lambda::Permission",
    },
    "RestApicontactsContactIdUserEmailDELETEApiPermissionTestMyTestStackRestApiFFB59496DELETEcontactsContactIdUserEmail38E19629": {
      "Properties": {
        "Action": "lambda:InvokeFunction",
        "FunctionName": {
          "Fn::GetAtt": [
            "LambdaLayerContactsDelete5BC5B0F9",
            "Arn",
          ],
        },
        "Principal": "apigateway.amazonaws.com",
        "SourceArn": {
          "Fn::Join": [
            "",
            [
              "arn:",
              {
                "Ref": "AWS::Partition",
              },
              ":execute-api:",
              {
                "Ref": "AWS::Region",
              },
              ":",
              {
                "Ref": "AWS::AccountId",
              },
              ":",
              {
                "Ref": "RestApiDEC94962",
              },
              "/test-invoke-stage/DELETE/contacts/*/*",
            ],
          ],
        },
      },
      "Type": "AWS::Lambda::Permission",
    },
    "RestApicontactsContactIdUserEmailOPTIONS49AE801F": {
      "Properties": {
        "ApiKeyRequired": false,
        "AuthorizationType": "NONE",
        "HttpMethod": "OPTIONS",
        "Integration": {
          "IntegrationResponses": [
            {
              "ResponseParameters": {
                "method.response.header.Access-Control-Allow-Headers": "'Content-Type,X-Amz-Date,Authorization,X-Api-Key,X-Amz-Security-Token,X-Amz-User-Agent'",
                "method.response.header.Access-Control-Allow-Methods": "'GET,POST,PUT,DELETE,OPTIONS'",
                "method.response.header.Access-Control-Allow-Origin": "'*'",
              },
              "StatusCode": "204",
            },
          ],
          "RequestTemplates": {
            "application/json": "{ statusCode: 200 }",
          },
          "Type": "MOCK",
        },
        "MethodResponses": [
          {
            "ResponseParameters": {
              "method.response.header.Access-Control-Allow-Headers": true,
              "method.response.header.Access-Control-Allow-Methods": true,
              "method.response.header.Access-Control-Allow-Origin": true,
            },
            "StatusCode": "204",
          },
        ],
        "ResourceId": {
          "Ref": "RestApicontactsContactIdUserEmail01B92C95",
        },
        "RestApiId": {
          "Ref": "RestApiDEC94962",
        },
      },
      "Type": "AWS::ApiGateway::Method",
    },
    "RestApicontactsGETApiPermissionMyTestStackRestApiFFB59496GETcontactsF6E6C81B": {
      "Properties": {
        "Action": "lambda:InvokeFunction",
        "FunctionName": {
          "Fn::GetAtt": [
            "LambdaLayerContactsGetA3AB77F5",
            "Arn",
          ],
        },
        "Principal": "apigateway.amazonaws.com",
        "SourceArn": {
          "Fn::Join": [
            "",
            [
              "arn:",
              {
                "Ref": "AWS::Partition",
              },
              ":execute-api:",
              {
                "Ref": "AWS::Region",
              },
              ":",
              {
                "Ref": "AWS::AccountId",
              },
              ":",
              {
                "Ref": "RestApiDEC94962",
              },
              "/",
              {
                "Ref": "RestApiDeploymentStageprod7243F481",
              },
              "/GET/contacts",
            ],
          ],
        },
      },
      "Type": "AWS::Lambda::Permission",
    },
    "RestApicontactsGETApiPermissionTestMyTestStackRestApiFFB59496GETcontacts197022B1": {
      "Properties": {
        "Action": "lambda:InvokeFunction",
        "FunctionName": {
          "Fn::GetAtt": [
            "LambdaLayerContactsGetA3AB77F5",
            "Arn",
          ],
        },
        "Principal": "apigateway.amazonaws.com",
        "SourceArn": {
          "Fn::Join": [
            "",
            [
              "arn:",
              {
                "Ref": "AWS::Partition",
              },
              ":execute-api:",
              {
                "Ref": "AWS::Region",
              },
              ":",
              {
                "Ref": "AWS::AccountId",
              },
              ":",
              {
                "Ref": "RestApiDEC94962",
              },
              "/test-invoke-stage/GET/contacts",
            ],
          ],
        },
      },
      "Type": "AWS::Lambda::Permission",
    },
    "RestApicontactsGETF5771E3F": {
      "Properties": {
        "AuthorizationType": "NONE",
        "HttpMethod": "GET",
        "Integration": {
          "IntegrationHttpMethod": "POST",
          "Type": "AWS_PROXY",
          "Uri": {
            "Fn::Join": [
              "",
              [
                "arn:",
                {
                  "Ref": "AWS::Partition",
                },
                ":apigateway:",
                {
                  "Ref": "AWS::Region",
                },
                ":lambda:path/2015-03-31/functions/",
                {
                  "Fn::GetAtt": [
                    "LambdaLayerContactsGetA3AB77F5",
                    "Arn",
                  ],
                },
                "/invocations",
              ],
            ],
          },
        },
        "ResourceId": {
          "Ref": "RestApicontacts0D72EF00",
        },
        "RestApiId": {
          "Ref": "RestApiDEC94962",
        },
      },
      "Type": "AWS::ApiGateway::Method",
    },
    "RestApicontactsOPTIONS1DA49159": {
      "Properties": {
        "ApiKeyRequired": false,
        "AuthorizationType": "NONE",
        "HttpMethod": "OPTIONS",
        "Integration": {
          "IntegrationResponses": [
            {
              "ResponseParameters": {
                "method.response.header.Access-Control-Allow-Headers": "'Content-Type,X-Amz-Date,Authorization,X-Api-Key,X-Amz-Security-Token,X-Amz-User-Agent'",
                "method.response.header.Access-Control-Allow-Methods": "'GET,POST,PUT,DELETE,OPTIONS'",
                "method.response.header.Access-Control-Allow-Origin": "'*'",
              },
              "StatusCode": "204",
            },
          ],
          "RequestTemplates": {
            "application/json": "{ statusCode: 200 }",
          },
          "Type": "MOCK",
        },
        "MethodResponses": [
          {
            "ResponseParameters": {
              "method.response.header.Access-Control-Allow-Headers": true,
              "method.response.header.Access-Control-Allow-Methods": true,
              "method.response.header.Access-Control-Allow-Origin": true,
            },
            "StatusCode": "204",
          },
        ],
        "ResourceId": {
          "Ref": "RestApicontacts0D72EF00",
        },
        "RestApiId": {
          "Ref": "RestApiDEC94962",
        },
      },
      "Type": "AWS::ApiGateway::Method",
    },
    "RestApicontactsPOST73210C1D": {
      "Properties": {
        "AuthorizationType": "NONE",
        "HttpMethod": "POST",
        "Integration": {
          "IntegrationHttpMethod": "POST",
          "Type": "AWS_PROXY",
          "Uri": {
            "Fn::Join": [
              "",
              [
                "arn:",
                {
                  "Ref": "AWS::Partition",
                },
                ":apigateway:",
                {
                  "Ref": "AWS::Region",
                },
                ":lambda:path/2015-03-31/functions/",
                {
                  "Fn::GetAtt": [
                    "LambdaLayerContactsPost0ACEF9A0",
                    "Arn",
                  ],
                },
                "/invocations",
              ],
            ],
          },
        },
        "ResourceId": {
          "Ref": "RestApicontacts0D72EF00",
        },
        "RestApiId": {
          "Ref": "RestApiDEC94962",
        },
      },
      "Type": "AWS::ApiGateway::Method",
    },
    "RestApicontactsPOSTApiPermissionMyTestStackRestApiFFB59496POSTcontacts8590784E": {
      "Properties": {
        "Action": "lambda:InvokeFunction",
        "FunctionName": {
          "Fn::GetAtt": [
            "LambdaLayerContactsPost0ACEF9A0",
            "Arn",
          ],
        },
        "Principal": "apigateway.amazonaws.com",
        "SourceArn": {
          "Fn::Join": [
            "",
            [
              "arn:",
              {
                "Ref": "AWS::Partition",
              },
              ":execute-api:",
              {
                "Ref": "AWS::Region",
              },
              ":",
              {
                "Ref": "AWS::AccountId",
              },
              ":",
              {
                "Ref": "RestApiDEC94962",
              },
              "/",
              {
                "Ref": "RestApiDeploymentStageprod7243F481",
              },
              "/POST/contacts",
            ],
          ],
        },
      },
      "Type": "AWS::Lambda::Permission",
    },
    "RestApicontactsPOSTApiPermissionTestMyTestStackRestApiFFB59496POSTcontactsED621DD7": {
      "Properties": {
        "Action": "lambda:InvokeFunction",
        "FunctionName": {
          "Fn::GetAtt": [
            "LambdaLayerContactsPost0ACEF9A0",
            "Arn",
          ],
        },
        "Principal": "apigateway.amazonaws.com",
        "SourceArn": {
          "Fn::Join": [
            "",
            [
              "arn:",
              {
                "Ref": "AWS::Partition",
              },
              ":execute-api:",
              {
                "Ref": "AWS::Region",
              },
              ":",
              {
                "Ref": "AWS::AccountId",
              },
              ":",
              {
                "Ref": "RestApiDEC94962",
              },
              "/test-invoke-stage/POST/contacts",
            ],
          ],
        },
      },
      "Type": "AWS::Lambda::Permission",
    },
    "RestApicontactsPUT0E3D2818": {
      "Properties": {
        "AuthorizationType": "NONE",
        "HttpMethod": "PUT",
        "Integration": {
          "IntegrationHttpMethod": "POST",
          "Type": "AWS_PROXY",
          "Uri": {
            "Fn::Join": [
              "",
              [
                "arn:",
                {
                  "Ref": "AWS::Partition",
                },
                ":apigateway:",
                {
                  "Ref": "AWS::Region",
                },
                ":lambda:path/2015-03-31/functions/",
                {
                  "Fn::GetAtt": [
                    "LambdaLayerContactsPut385E316C",
                    "Arn",
                  ],
                },
                "/invocations",
              ],
            ],
          },
        },
        "ResourceId": {
          "Ref": "RestApicontacts0D72EF00",
        },
        "RestApiId": {
          "Ref": "RestApiDEC94962",
        },
      },
      "Type": "AWS::ApiGateway::Method",
    },
    "RestApicontactsPUTApiPermissionMyTestStackRestApiFFB59496PUTcontacts510CE986": {
      "Properties": {
        "Action": "lambda:InvokeFunction",
        "FunctionName": {
          "Fn::GetAtt": [
            "LambdaLayerContactsPut385E316C",
            "Arn",
          ],
        },
        "Principal": "apigateway.amazonaws.com",
        "SourceArn": {
          "Fn::Join": [
            "",
            [
              "arn:",
              {
                "Ref": "AWS::Partition",
              },
              ":execute-api:",
              {
                "Ref": "AWS::Region",
              },
              ":",
              {
                "Ref": "AWS::AccountId",
              },
              ":",
              {
                "Ref": "RestApiDEC94962",
              },
              "/",
              {
                "Ref": "RestApiDeploymentStageprod7243F481",
              },
              "/PUT/contacts",
            ],
          ],
        },
      },
      "Type": "AWS::Lambda::Permission",
    },
    "RestApicontactsPUTApiPermissionTestMyTestStackRestApiFFB59496PUTcontactsE5688601": {
      "Properties": {
        "Action": "lambda:InvokeFunction",
        "FunctionName": {
          "Fn::GetAtt": [
            "LambdaLayerContactsPut385E316C",
            "Arn",
          ],
        },
        "Principal": "apigateway.amazonaws.com",
        "SourceArn": {
          "Fn::Join": [
            "",
            [
              "arn:",
              {
                "Ref": "AWS::Partition",
              },
              ":execute-api:",
              {
                "Ref": "AWS::Region",
              },
              ":",
              {
                "Ref": "AWS::AccountId",
              },
              ":",
              {
                "Ref": "RestApiDEC94962",
              },
              "/test-invoke-stage/PUT/contacts",
            ],
          ],
        },
      },
      "Type": "AWS::Lambda::Permission",
    },
    "RestApitransaction6B79514C": {
      "Properties": {
        "ParentId": {
          "Fn::GetAtt": [
            "RestApiDEC94962",
            "RootResourceId",
          ],
        },
        "PathPart": "transaction",
        "RestApiId": {
          "Ref": "RestApiDEC94962",
        },
      },
      "Type": "AWS::ApiGateway::Resource",
    },
    "RestApitransactionGET22F570FD": {
      "Properties": {
        "AuthorizationType": "NONE",
        "HttpMethod": "GET",
        "Integration": {
          "IntegrationHttpMethod": "POST",
          "Type": "AWS_PROXY",
          "Uri": {
            "Fn::Join": [
              "",
              [
                "arn:",
                {
                  "Ref": "AWS::Partition",
                },
                ":apigateway:",
                {
                  "Ref": "AWS::Region",
                },
                ":lambda:path/2015-03-31/functions/",
                {
                  "Fn::GetAtt": [
                    "LambdaLayerTransactionsGetCABEE9D6",
                    "Arn",
                  ],
                },
                "/invocations",
              ],
            ],
          },
        },
        "ResourceId": {
          "Ref": "RestApitransaction6B79514C",
        },
        "RestApiId": {
          "Ref": "RestApiDEC94962",
        },
      },
      "Type": "AWS::ApiGateway::Method",
    },
    "RestApitransactionGETApiPermissionMyTestStackRestApiFFB59496GETtransaction350B77AA": {
      "Properties": {
        "Action": "lambda:InvokeFunction",
        "FunctionName": {
          "Fn::GetAtt": [
            "LambdaLayerTransactionsGetCABEE9D6",
            "Arn",
          ],
        },
        "Principal": "apigateway.amazonaws.com",
        "SourceArn": {
          "Fn::Join": [
            "",
            [
              "arn:",
              {
                "Ref": "AWS::Partition",
              },
              ":execute-api:",
              {
                "Ref": "AWS::Region",
              },
              ":",
              {
                "Ref": "AWS::AccountId",
              },
              ":",
              {
                "Ref": "RestApiDEC94962",
              },
              "/",
              {
                "Ref": "RestApiDeploymentStageprod7243F481",
              },
              "/GET/transaction",
            ],
          ],
        },
      },
      "Type": "AWS::Lambda::Permission",
    },
    "RestApitransactionGETApiPermissionTestMyTestStackRestApiFFB59496GETtransactionD0CDE338": {
      "Properties": {
        "Action": "lambda:InvokeFunction",
        "FunctionName": {
          "Fn::GetAtt": [
            "LambdaLayerTransactionsGetCABEE9D6",
            "Arn",
          ],
        },
        "Principal": "apigateway.amazonaws.com",
        "SourceArn": {
          "Fn::Join": [
            "",
            [
              "arn:",
              {
                "Ref": "AWS::Partition",
              },
              ":execute-api:",
              {
                "Ref": "AWS::Region",
              },
              ":",
              {
                "Ref": "AWS::AccountId",
              },
              ":",
              {
                "Ref": "RestApiDEC94962",
              },
              "/test-invoke-stage/GET/transaction",
            ],
          ],
        },
      },
      "Type": "AWS::Lambda::Permission",
    },
    "RestApitransactionOPTIONSADC0F88F": {
      "Properties": {
        "ApiKeyRequired": false,
        "AuthorizationType": "NONE",
        "HttpMethod": "OPTIONS",
        "Integration": {
          "IntegrationResponses": [
            {
              "ResponseParameters": {
                "method.response.header.Access-Control-Allow-Headers": "'Content-Type,X-Amz-Date,Authorization,X-Api-Key,X-Amz-Security-Token,X-Amz-User-Agent'",
                "method.response.header.Access-Control-Allow-Methods": "'GET,POST,PUT,DELETE,OPTIONS'",
                "method.response.header.Access-Control-Allow-Origin": "'*'",
              },
              "StatusCode": "204",
            },
          ],
          "RequestTemplates": {
            "application/json": "{ statusCode: 200 }",
          },
          "Type": "MOCK",
        },
        "MethodResponses": [
          {
            "ResponseParameters": {
              "method.response.header.Access-Control-Allow-Headers": true,
              "method.response.header.Access-Control-Allow-Methods": true,
              "method.response.header.Access-Control-Allow-Origin": true,
            },
            "StatusCode": "204",
          },
        ],
        "ResourceId": {
          "Ref": "RestApitransaction6B79514C",
        },
        "RestApiId": {
          "Ref": "RestApiDEC94962",
        },
      },
      "Type": "AWS::ApiGateway::Method",
    },
    "RestApitransactionPOSTApiPermissionMyTestStackRestApiFFB59496POSTtransaction9BB15199": {
      "Properties": {
        "Action": "lambda:InvokeFunction",
        "FunctionName": {
          "Fn::GetAtt": [
            "LambdaLayerTransactionsPostB98CC2B5",
            "Arn",
          ],
        },
        "Principal": "apigateway.amazonaws.com",
        "SourceArn": {
          "Fn::Join": [
            "",
            [
              "arn:",
              {
                "Ref": "AWS::Partition",
              },
              ":execute-api:",
              {
                "Ref": "AWS::Region",
              },
              ":",
              {
                "Ref": "AWS::AccountId",
              },
              ":",
              {
                "Ref": "RestApiDEC94962",
              },
              "/",
              {
                "Ref": "RestApiDeploymentStageprod7243F481",
              },
              "/POST/transaction",
            ],
          ],
        },
      },
      "Type": "AWS::Lambda::Permission",
    },
    "RestApitransactionPOSTApiPermissionTestMyTestStackRestApiFFB59496POSTtransaction425E10EB": {
      "Properties": {
        "Action": "lambda:InvokeFunction",
        "FunctionName": {
          "Fn::GetAtt": [
            "LambdaLayerTransactionsPostB98CC2B5",
            "Arn",
          ],
        },
        "Principal": "apigateway.amazonaws.com",
        "SourceArn": {
          "Fn::Join": [
            "",
            [
              "arn:",
              {
                "Ref": "AWS::Partition",
              },
              ":execute-api:",
              {
                "Ref": "AWS::Region",
              },
              ":",
              {
                "Ref": "AWS::AccountId",
              },
              ":",
              {
                "Ref": "RestApiDEC94962",
              },
              "/test-invoke-stage/POST/transaction",
            ],
          ],
        },
      },
      "Type": "AWS::Lambda::Permission",
    },
    "RestApitransactionPOSTBE859206": {
      "Properties": {
        "AuthorizationType": "NONE",
        "HttpMethod": "POST",
        "Integration": {
          "IntegrationHttpMethod": "POST",
          "Type": "AWS_PROXY",
          "Uri": {
            "Fn::Join": [
              "",
              [
                "arn:",
                {
                  "Ref": "AWS::Partition",
                },
                ":apigateway:",
                {
                  "Ref": "AWS::Region",
                },
                ":lambda:path/2015-03-31/functions/",
                {
                  "Fn::GetAtt": [
                    "LambdaLayerTransactionsPostB98CC2B5",
                    "Arn",
                  ],
                },
                "/invocations",
              ],
            ],
          },
        },
        "ResourceId": {
          "Ref": "RestApitransaction6B79514C",
        },
        "RestApiId": {
          "Ref": "RestApiDEC94962",
        },
      },
      "Type": "AWS::ApiGateway::Method",
    },
    "RestApitransactiontransactionIdB4AF6ECE": {
      "Properties": {
        "ParentId": {
          "Ref": "RestApitransaction6B79514C",
        },
        "PathPart": "{transactionId}",
        "RestApiId": {
          "Ref": "RestApiDEC94962",
        },
      },
      "Type": "AWS::ApiGateway::Resource",
    },
    "RestApitransactiontransactionIdGET95FF3C90": {
      "Properties": {
        "AuthorizationType": "NONE",
        "HttpMethod": "GET",
        "Integration": {
          "IntegrationHttpMethod": "POST",
          "Type": "AWS_PROXY",
          "Uri": {
            "Fn::Join": [
              "",
              [
                "arn:",
                {
                  "Ref": "AWS::Partition",
                },
                ":apigateway:",
                {
                  "Ref": "AWS::Region",
                },
                ":lambda:path/2015-03-31/functions/",
                {
                  "Fn::GetAtt": [
                    "LambdaLayerTransactionsGetCABEE9D6",
                    "Arn",
                  ],
                },
                "/invocations",
              ],
            ],
          },
        },
        "ResourceId": {
          "Ref": "RestApitransactiontransactionIdB4AF6ECE",
        },
        "RestApiId": {
          "Ref": "RestApiDEC94962",
        },
      },
      "Type": "AWS::ApiGateway::Method",
    },
    "RestApitransactiontransactionIdGETApiPermissionMyTestStackRestApiFFB59496GETtransactiontransactionId44515136": {
      "Properties": {
        "Action": "lambda:InvokeFunction",
        "FunctionName": {
          "Fn::GetAtt": [
            "LambdaLayerTransactionsGetCABEE9D6",
            "Arn",
          ],
        },
        "Principal": "apigateway.amazonaws.com",
        "SourceArn": {
          "Fn::Join": [
            "",
            [
              "arn:",
              {
                "Ref": "AWS::Partition",
              },
              ":execute-api:",
              {
                "Ref": "AWS::Region",
              },
              ":",
              {
                "Ref": "AWS::AccountId",
              },
              ":",
              {
                "Ref": "RestApiDEC94962",
              },
              "/",
              {
                "Ref": "RestApiDeploymentStageprod7243F481",
              },
              "/GET/transaction/*",
            ],
          ],
        },
      },
      "Type": "AWS::Lambda::Permission",
    },
    "RestApitransactiontransactionIdGETApiPermissionTestMyTestStackRestApiFFB59496GETtransactiontransactionId01558171": {
      "Properties": {
        "Action": "lambda:InvokeFunction",
        "FunctionName": {
          "Fn::GetAtt": [
            "LambdaLayerTransactionsGetCABEE9D6",
            "Arn",
          ],
        },
        "Principal": "apigateway.amazonaws.com",
        "SourceArn": {
          "Fn::Join": [
            "",
            [
              "arn:",
              {
                "Ref": "AWS::Partition",
              },
              ":execute-api:",
              {
                "Ref": "AWS::Region",
              },
              ":",
              {
                "Ref": "AWS::AccountId",
              },
              ":",
              {
                "Ref": "RestApiDEC94962",
              },
              "/test-invoke-stage/GET/transaction/*",
            ],
          ],
        },
      },
      "Type": "AWS::Lambda::Permission",
    },
    "RestApitransactiontransactionIdOPTIONSC2822C5A": {
      "Properties": {
        "ApiKeyRequired": false,
        "AuthorizationType": "NONE",
        "HttpMethod": "OPTIONS",
        "Integration": {
          "IntegrationResponses": [
            {
              "ResponseParameters": {
                "method.response.header.Access-Control-Allow-Headers": "'Content-Type,X-Amz-Date,Authorization,X-Api-Key,X-Amz-Security-Token,X-Amz-User-Agent'",
                "method.response.header.Access-Control-Allow-Methods": "'GET,POST,PUT,DELETE,OPTIONS'",
                "method.response.header.Access-Control-Allow-Origin": "'*'",
              },
              "StatusCode": "204",
            },
          ],
          "RequestTemplates": {
            "application/json": "{ statusCode: 200 }",
          },
          "Type": "MOCK",
        },
        "MethodResponses": [
          {
            "ResponseParameters": {
              "method.response.header.Access-Control-Allow-Headers": true,
              "method.response.header.Access-Control-Allow-Methods": true,
              "method.response.header.Access-Control-Allow-Origin": true,
            },
            "StatusCode": "204",
          },
        ],
        "ResourceId": {
          "Ref": "RestApitransactiontransactionIdB4AF6ECE",
        },
        "RestApiId": {
          "Ref": "RestApiDEC94962",
        },
      },
      "Type": "AWS::ApiGateway::Method",
    },
    "RestApitransactiontransactionIdPOST53E3A319": {
      "Properties": {
        "AuthorizationType": "NONE",
        "HttpMethod": "POST",
        "Integration": {
          "IntegrationHttpMethod": "POST",
          "Type": "AWS_PROXY",
          "Uri": {
            "Fn::Join": [
              "",
              [
                "arn:",
                {
                  "Ref": "AWS::Partition",
                },
                ":apigateway:",
                {
                  "Ref": "AWS::Region",
                },
                ":lambda:path/2015-03-31/functions/",
                {
                  "Fn::GetAtt": [
                    "LambdaLayerTransactionsPostB98CC2B5",
                    "Arn",
                  ],
                },
                "/invocations",
              ],
            ],
          },
        },
        "ResourceId": {
          "Ref": "RestApitransactiontransactionIdB4AF6ECE",
        },
        "RestApiId": {
          "Ref": "RestApiDEC94962",
        },
      },
      "Type": "AWS::ApiGateway::Method",
    },
    "RestApitransactiontransactionIdPOSTApiPermissionMyTestStackRestApiFFB59496POSTtransactiontransactionIdE939A44C": {
      "Properties": {
        "Action": "lambda:InvokeFunction",
        "FunctionName": {
          "Fn::GetAtt": [
            "LambdaLayerTransactionsPostB98CC2B5",
            "Arn",
          ],
        },
        "Principal": "apigateway.amazonaws.com",
        "SourceArn": {
          "Fn::Join": [
            "",
            [
              "arn:",
              {
                "Ref": "AWS::Partition",
              },
              ":execute-api:",
              {
                "Ref": "AWS::Region",
              },
              ":",
              {
                "Ref": "AWS::AccountId",
              },
              ":",
              {
                "Ref": "RestApiDEC94962",
              },
              "/",
              {
                "Ref": "RestApiDeploymentStageprod7243F481",
              },
              "/POST/transaction/*",
            ],
          ],
        },
      },
      "Type": "AWS::Lambda::Permission",
    },
    "RestApitransactiontransactionIdPOSTApiPermissionTestMyTestStackRestApiFFB59496POSTtransactiontransactionId637E793A": {
      "Properties": {
        "Action": "lambda:InvokeFunction",
        "FunctionName": {
          "Fn::GetAtt": [
            "LambdaLayerTransactionsPostB98CC2B5",
            "Arn",
          ],
        },
        "Principal": "apigateway.amazonaws.com",
        "SourceArn": {
          "Fn::Join": [
            "",
            [
              "arn:",
              {
                "Ref": "AWS::Partition",
              },
              ":execute-api:",
              {
                "Ref": "AWS::Region",
              },
              ":",
              {
                "Ref": "AWS::AccountId",
              },
              ":",
              {
                "Ref": "RestApiDEC94962",
              },
              "/test-invoke-stage/POST/transaction/*",
            ],
          ],
        },
      },
      "Type": "AWS::Lambda::Permission",
    },
  },
}
`;
